// Jest Snapshot v1, https://goo.gl/fbAQLP

exports[`Switch with default props with isOn set to false renders snapshot 1`] = `null`;

exports[`Switch with default props with isOn set to true renders snapshot 1`] = `null`;
